------------------------------------------------------------
Timing Analyzer Summary
------------------------------------------------------------

Type  : Slow 1200mV 85C Model Setup 'CLOCK_50'
Slack : -48.669
TNS   : -1054.490

Type  : Slow 1200mV 85C Model Setup 'virtual_clock:vclock|virt_clk'
Slack : -1.835
TNS   : -13.942

Type  : Slow 1200mV 85C Model Hold 'CLOCK_50'
Slack : 0.342
TNS   : 0.000

Type  : Slow 1200mV 85C Model Hold 'virtual_clock:vclock|virt_clk'
Slack : 0.357
TNS   : 0.000

Type  : Slow 1200mV 85C Model Recovery 'CLOCK_50'
Slack : -1.791
TNS   : -54.061

Type  : Slow 1200mV 85C Model Removal 'CLOCK_50'
Slack : 0.492
TNS   : 0.000

Type  : Slow 1200mV 85C Model Minimum Pulse Width 'CLOCK_50'
Slack : -3.000
TNS   : -216.000

Type  : Slow 1200mV 85C Model Minimum Pulse Width 'virtual_clock:vclock|virt_clk'
Slack : -1.000
TNS   : -14.000

Type  : Slow 1200mV 0C Model Setup 'CLOCK_50'
Slack : -43.382
TNS   : -925.678

Type  : Slow 1200mV 0C Model Setup 'virtual_clock:vclock|virt_clk'
Slack : -1.533
TNS   : -11.118

Type  : Slow 1200mV 0C Model Hold 'CLOCK_50'
Slack : 0.297
TNS   : 0.000

Type  : Slow 1200mV 0C Model Hold 'virtual_clock:vclock|virt_clk'
Slack : 0.312
TNS   : 0.000

Type  : Slow 1200mV 0C Model Recovery 'CLOCK_50'
Slack : -1.512
TNS   : -41.381

Type  : Slow 1200mV 0C Model Removal 'CLOCK_50'
Slack : 0.436
TNS   : 0.000

Type  : Slow 1200mV 0C Model Minimum Pulse Width 'CLOCK_50'
Slack : -3.000
TNS   : -216.000

Type  : Slow 1200mV 0C Model Minimum Pulse Width 'virtual_clock:vclock|virt_clk'
Slack : -1.000
TNS   : -14.000

Type  : Fast 1200mV 0C Model Setup 'CLOCK_50'
Slack : -26.906
TNS   : -510.696

Type  : Fast 1200mV 0C Model Setup 'virtual_clock:vclock|virt_clk'
Slack : -0.611
TNS   : -2.279

Type  : Fast 1200mV 0C Model Hold 'CLOCK_50'
Slack : 0.178
TNS   : 0.000

Type  : Fast 1200mV 0C Model Hold 'virtual_clock:vclock|virt_clk'
Slack : 0.187
TNS   : 0.000

Type  : Fast 1200mV 0C Model Recovery 'CLOCK_50'
Slack : -0.773
TNS   : -8.807

Type  : Fast 1200mV 0C Model Removal 'CLOCK_50'
Slack : 0.284
TNS   : 0.000

Type  : Fast 1200mV 0C Model Minimum Pulse Width 'CLOCK_50'
Slack : -3.000
TNS   : -279.391

Type  : Fast 1200mV 0C Model Minimum Pulse Width 'virtual_clock:vclock|virt_clk'
Slack : -1.000
TNS   : -14.000

------------------------------------------------------------
