------------------------------------------------------------
Timing Analyzer Summary
------------------------------------------------------------

Type  : Slow 1200mV 85C Model Setup 'CLOCK_50'
Slack : -3.358
TNS   : -352.334

Type  : Slow 1200mV 85C Model Setup 'adc_process:adc|virtual_clock:vclock|virt_clk'
Slack : -1.288
TNS   : -27.688

Type  : Slow 1200mV 85C Model Hold 'CLOCK_50'
Slack : 0.343
TNS   : 0.000

Type  : Slow 1200mV 85C Model Hold 'adc_process:adc|virtual_clock:vclock|virt_clk'
Slack : 0.343
TNS   : 0.000

Type  : Slow 1200mV 85C Model Recovery 'CLOCK_50'
Slack : -0.582
TNS   : -7.914

Type  : Slow 1200mV 85C Model Removal 'CLOCK_50'
Slack : 0.941
TNS   : 0.000

Type  : Slow 1200mV 85C Model Minimum Pulse Width 'CLOCK_50'
Slack : -3.000
TNS   : -172.000

Type  : Slow 1200mV 85C Model Minimum Pulse Width 'adc_process:adc|virtual_clock:vclock|virt_clk'
Slack : -1.000
TNS   : -38.000

Type  : Slow 1200mV 0C Model Setup 'CLOCK_50'
Slack : -2.972
TNS   : -300.474

Type  : Slow 1200mV 0C Model Setup 'adc_process:adc|virtual_clock:vclock|virt_clk'
Slack : -1.035
TNS   : -21.834

Type  : Slow 1200mV 0C Model Hold 'CLOCK_50'
Slack : 0.298
TNS   : 0.000

Type  : Slow 1200mV 0C Model Hold 'adc_process:adc|virtual_clock:vclock|virt_clk'
Slack : 0.300
TNS   : 0.000

Type  : Slow 1200mV 0C Model Recovery 'CLOCK_50'
Slack : -0.413
TNS   : -5.186

Type  : Slow 1200mV 0C Model Removal 'CLOCK_50'
Slack : 0.831
TNS   : 0.000

Type  : Slow 1200mV 0C Model Minimum Pulse Width 'CLOCK_50'
Slack : -3.000
TNS   : -172.000

Type  : Slow 1200mV 0C Model Minimum Pulse Width 'adc_process:adc|virtual_clock:vclock|virt_clk'
Slack : -1.000
TNS   : -38.000

Type  : Fast 1200mV 0C Model Setup 'CLOCK_50'
Slack : -1.512
TNS   : -130.764

Type  : Fast 1200mV 0C Model Setup 'adc_process:adc|virtual_clock:vclock|virt_clk'
Slack : -0.297
TNS   : -4.087

Type  : Fast 1200mV 0C Model Hold 'adc_process:adc|virtual_clock:vclock|virt_clk'
Slack : 0.061
TNS   : 0.000

Type  : Fast 1200mV 0C Model Hold 'CLOCK_50'
Slack : 0.178
TNS   : 0.000

Type  : Fast 1200mV 0C Model Recovery 'CLOCK_50'
Slack : -0.057
TNS   : -0.132

Type  : Fast 1200mV 0C Model Removal 'CLOCK_50'
Slack : 0.602
TNS   : 0.000

Type  : Fast 1200mV 0C Model Minimum Pulse Width 'CLOCK_50'
Slack : -3.000
TNS   : -219.313

Type  : Fast 1200mV 0C Model Minimum Pulse Width 'adc_process:adc|virtual_clock:vclock|virt_clk'
Slack : -1.000
TNS   : -38.000

------------------------------------------------------------
